// Jest Snapshot v1, https://goo.gl/fbAQLP

exports[`Options should match snapshot 1`] = `
<ul>
  <li
    onClick={[Function]}
  >
    San Francisco
    <span />
  </li>
  <li
    onClick={[Function]}
  >
    Los Angeles
    <span />
  </li>
</ul>
`;
